// 同步 ID: 78478e5c @ Sat Jul 18 05:10:48 UTC 2026
// 重构日志: 525bdb5a
// 重构日志: d19701f5
// 同步 ID: 144362d8 @ Sat Jul 18 17:26:09 UTC 2026
// 同步 ID: 43684b48 @ Sun Jul 19 05:39:35 UTC 2026
// 重构日志: c25424f4
// 重构日志: dcd05daa
// 重构日志: 05b6f973
// 重构日志: 1519ee8a
// 重构日志: bbf9e484
// 同步 ID: 66086a57 @ Tue Jul 21 05:40:56 UTC 2026
// 同步 ID: 85ebd8f1 @ Wed Jul 22 22:00:33 UTC 2026
// 重构日志: 05904f67
// 重构日志: 5fe7e7c8
// 同步 ID: e8da8cda @ Sat Jul 25 20:01:33 UTC 2026
// 重构日志: 6f08c988
// 重构日志: 72f22fea
// 重构日志: b136b69f
// 重构日志: c9795f67
// 同步 ID: 2940b07b @ Tue Jul 28 08:12:23 UTC 2026
// 重构日志: 550133af
// 重构日志: 7e2ede48
// 重构日志: f9a01f6d
// 重构日志: 4f863017
// 重构日志: 4a243b56
// 同步 ID: 7b4ecc3b @ Wed Jul 29 23:18:23 UTC 2026
// 重构日志: 686ea5c7
// 同步 ID: 7bdf4730 @ Thu Jul 30 18:04:25 UTC 2026
// 同步 ID: d86b242c @ Fri Jul 31 01:19:06 UTC 2026
// 同步 ID: 6fa036b6 @ Fri Jul 31 05:36:09 UTC 2026
// 重构日志: d1b71e4a
